// Vitest Snapshot v1, https://vitest.dev/guide/snapshot.html

exports[`computeCapabilityFingerprint (TAC-01) > test vector A: anthropics/claude-code-action@v1.0.94 / sorted [Bash(*),Edit,Write] / contract 1 1`] = `"8513c919263bd47c26f8ffc3c54b422237907936edc108f49cd3e609b6688618"`;

exports[`computeCapabilityFingerprint (TAC-01) > test vector B: full uses: string with 40-char SHA / different permissionsAllow / contract 1 1`] = `"94132499efe484b0f09eae0678122ead0d0294bfa11398a4a58fc68ce561cf2d"`;
